2026-09-13 01:06:46,235 INFO CS tickers: 11929 (active 5320); with CIK: 9679 unique CIKs
2026-09-13 01:08:57,843 INFO 500/9679 CIKs done, 3.8/s, 35363 2.02 rows so far, ETA 40 min
2026-09-13 01:10:49,411 INFO 1000/9679 CIKs done, 4.1/s, 69593 2.02 rows so far, ETA 35 min
2026-09-13 01:12:39,856 INFO 1500/9679 CIKs done, 4.2/s, 99510 2.02 rows so far, ETA 32 min
2026-09-13 01:13:36,871 WARNING CIK 0000885245 failed: HTTPSConnectionPool(host='data.sec.gov', port=443): Read timed out. (read timeout=30)
2026-09-13 01:13:39,273 WARNING CIK 0000885590 failed: HTTPSConnectionPool(host='data.sec.gov', port=443): Read timed out.
2026-09-13 01:14:49,887 INFO 2000/9679 CIKs done, 4.1/s, 127053 2.02 rows so far, ETA 31 min
2026-09-13 01:16:47,567 INFO 2500/9679 CIKs done, 4.2/s, 154536 2.02 rows so far, ETA 29 min
2026-09-13 01:18:30,137 INFO 3000/9679 CIKs done, 4.3/s, 182085 2.02 rows so far, ETA 26 min
2026-09-13 01:20:33,969 INFO 3500/9679 CIKs done, 4.2/s, 204685 2.02 rows so far, ETA 24 min
2026-09-13 01:21:52,849 INFO 4000/9679 CIKs done, 4.4/s, 226015 2.02 rows so far, ETA 21 min
2026-09-13 01:23:33,072 WARNING CIK 0001407973 failed: HTTPSConnectionPool(host='data.sec.gov', port=443): Read timed out.
2026-09-13 01:23:33,180 WARNING CIK 0001407739 failed: HTTPSConnectionPool(host='data.sec.gov', port=443): Read timed out.
2026-09-13 01:23:33,267 WARNING CIK 0001408100 failed: HTTPSConnectionPool(host='data.sec.gov', port=443): Read timed out.
2026-09-13 01:23:33,661 WARNING CIK 0001408198 failed: HTTPSConnectionPool(host='data.sec.gov', port=443): Read timed out.
2026-09-13 01:23:35,660 WARNING CIK 0001408287 failed: HTTPSConnectionPool(host='data.sec.gov', port=443): Read timed out. (read timeout=30)
2026-09-13 01:23:56,284 INFO 4500/9679 CIKs done, 4.4/s, 243875 2.02 rows so far, ETA 20 min
2026-09-13 01:25:06,634 INFO 5000/9679 CIKs done, 4.5/s, 260682 2.02 rows so far, ETA 17 min
2026-09-13 01:26:16,492 INFO 5500/9679 CIKs done, 4.7/s, 275990 2.02 rows so far, ETA 15 min
2026-09-13 01:27:30,288 INFO 6000/9679 CIKs done, 4.8/s, 289443 2.02 rows so far, ETA 13 min
2026-09-13 01:28:30,840 INFO 6500/9679 CIKs done, 5.0/s, 300310 2.02 rows so far, ETA 11 min
2026-09-13 01:29:31,437 INFO 7000/9679 CIKs done, 5.1/s, 307927 2.02 rows so far, ETA 9 min
2026-09-13 01:30:35,683 INFO 7500/9679 CIKs done, 5.2/s, 313173 2.02 rows so far, ETA 7 min
2026-09-13 01:31:53,149 INFO 8000/9679 CIKs done, 5.3/s, 316046 2.02 rows so far, ETA 5 min
2026-09-13 01:33:28,597 INFO 8500/9679 CIKs done, 5.3/s, 318678 2.02 rows so far, ETA 4 min
2026-09-13 01:34:17,160 INFO 9000/9679 CIKs done, 5.5/s, 320337 2.02 rows so far, ETA 2 min
2026-09-13 01:35:13,306 INFO 9500/9679 CIKs done, 5.6/s, 321015 2.02 rows so far, ETA 1 min
2026-09-13 01:35:33,392 INFO DONE: 9679 CIKs, 321077 Item 2.02 8-K rows, 29 min
